
R version 3.5.1 (2018-07-02) -- "Feather Spray"
Copyright (C) 2018 The R Foundation for Statistical Computing
Platform: x86_64-w64-mingw32/x64 (64-bit)

R es un software libre y viene sin GARANTIA ALGUNA.
Usted puede redistribuirlo bajo ciertas circunstancias.
Escriba 'license()' o 'licence()' para detalles de distribucion.

R es un proyecto colaborativo con muchos contribuyentes.
Escriba 'contributors()' para obtener más información y
'citation()' para saber cómo citar R o paquetes de R en publicaciones.

Escriba 'demo()' para demostraciones, 'help()' para el sistema on-line de ayuda,
o 'help.start()' para abrir el sistema de ayuda HTML con su navegador.
Escriba 'q()' para salir de R.

> Getwd()
Error in Getwd() : no se pudo encontrar la función "Getwd"
> Setwd()
Error in Setwd() : no se pudo encontrar la función "Setwd"
> setwd()
Error in setwd() : el argumento "dir" está ausente, sin valor por omisión
> setwd("C:\Users\ivan-\OneDrive\Escritorio")
Error: '\U' used without hex digits in character string starting ""C:\U"
> setwd('C:\Users\ivan-\OneDrive\Escritorio')
Error: '\U' used without hex digits in character string starting "'C:\U"
> getwd()
[1] "C:/Users/ivan-/Documents"
> setwd(C:\Users\ivan-\OneDrive\Escritorio<<<<<<<<<<)

> setwd("C:/Users/ivan-/OneDrive/Escritorio")
> getwd()
[1] "C:/Users/ivan-/OneDrive/Escritorio"
> setwd("C:/Users/ivan-/OneDrive/Escritorio/trabajo estadistica")
> getwd()
[1] "C:/Users/ivan-/OneDrive/Escritorio/trabajo estadistica"
> dir()
[1] "grupo12.txt"
> data=read.table("grupo12.txt",header=TRUE,sep="\t",dec=",")
> data
    V1 V2 V3 V4  V5  V6  V7  V8 V9   V10 V11 V12
1    2 20  0  0 100  60 100  54 54  45.9 153   0
2    2 30  1  0  95  60 166 240 47  67.5 160   0
3    2 23  0  0 120  90 188 111 34  51.2 146   0
4    2 48  1  0 130  70 226 106 64  64.0 151   1
5    2 27  0  0 100  70 156  39 50  52.2 159   0
6    2 24  0  0 100  75 186  50 65  47.0 150   1
7    1 51  1  0 120  80 237 128 47  67.5 165   0
8    1 71  0  0 120  80 270  98 45  81.0 178   0
9    2 49  1  0 160  90 191  63 59  50.5 157   0
10   2 49  0  0 120  80 250 335 38  54.0 141   0
11   1 26  1  0 160  60 146  72 29  65.0 167   0
12   2 55  1  0 130  85 249 182 40  89.0 154   1
13   2 50  0  0 140  90 177  90 56  60.5 156   1
14   1 39  1  0 120  80 158 173 49  64.5 159   0
15   1 50  0  0 140  90 159 199 49  76.0 164   0
16   2 28  1  0 120  70 152  29 64  48.2 157   0
17   2 47  1  0 160  80 208  73 55  52.5 144   1
18   2 30  0  0 100  70 171 302 33  66.5 152   0
19   1 28  1  0 120  65 141 117 44  67.6 174   0
20   2 45  1  0 140  90 207 115 65  79.5 149   1
21   2 39  1  1 150 110 143 104 38  90.5 150   1
22   2 29  0  0 110  70 155  49 45  54.0 150   0
23   2 50  1  0 120  80 225 175 54  69.5 149   1
24   1 39  1  0 110  70 106 131 40  62.5 170   0
25   1 48  1  0 120  80 146 216 32  66.5 160   0
26   2 52  1  0 140  85 209 159 55  53.1 141   0
27   2 24  0  0 100  70 218 128 55  69.9 161   1
28   2 31  0  0 120  60 201 158 37  60.2 156   0
29   2 46  0  0  90  60 171  77 46  64.5 149   1
30   1 26  0  0 110  80 153  48 43  72.0 161   0
31   2 41  1  1 130  90 170  90 49  62.0 158   1
32   1 39  1  0 120  80 178  96 40  51.0 164   0
33   2 37  1  0  95  60 182  37 54  63.2 147   0
34   2 59  0  1 170 100 227 198 65  68.2 153   0
35   1 39  1  0 100  70 180  65 47  61.0 156   0
36   2 40  1  0 100  60 166 130 52  52.3 155   0
37   1 79  1  0 160  85 166 112 32  49.5 171   0
38   2 25  1  0 100  75 125  48 60  60.0 164   0
39   1 22  1  0 120  70 126  56 33  64.0 164   0
40   1 51  1  0 160  90 227 166 49  71.9 166   0
41   2 27  0  0 100  60 160  68 56  60.5 153   1
42   2 54  1  0 140  95 181 168 53  64.9 140   1
43   2 31  1  0 100  70 105 103 58  66.0 155   0
44   2 35  1  0 100  70 138  94 25  62.2 147   0
45   1 43  0  0 110  70 181  63 41  96.0 158   0
46   2 71  0  1 160 100 228  90 66  59.0 145   1
47   1 23  0  0 120  70 198 155 25  86.0 161   0
48   2 38  1  0 120  70 154  60 41  60.0 140   1
49   2 19  1  0 110  70 143  80 42  65.5 162   0
50   2 38  0  0 140  80 188 204 29  69.5 154   0
51   1 28  1  0 120  80 184  99 41  80.2 165   0
52   2 40  0  0 130  70 143  58 43  53.0 139   0
53   2 24  1  0 110  60 177  62 48  58.0 154   0
54   1 65  1  0 140  70 196 118 50  69.0 171   0
55   1 39  1  0 110  60 174  87 45  57.5 166   0
56   2 31  0  0 110  60 124  31 51  53.5 152   0
57   2 47  0  1 123 120 222 130 48  71.2 157   0
58   2 52  1  1 140  95 185 129 38  62.5 154   1
59   2 43  0  0 120  70 219  92 82  81.8 162   0
60   2 34  0  0 120  80 185  87 48  73.0 146   1
61   1 21  1  0 120  70  92  77 31  72.5 175   0
62   1 39  1  0 135  80 198 266 35  65.5 164   0
63   2 32  1  0 110  70 113  82 41  53.2 155   1
64   1 36  1  0 100  75 142 138 40  85.0 173   0
65   2 40  0  0 120  60 159  48 45  68.5 151   1
66   2 45  0  0 130  90 190 307 38  64.5 147   1
67   2 54  1  0 130  70 171  80 54  56.5 151   1
68   2 33  1  0 110  75 192 137 55  55.8 164   0
69   2 24  0  0 120  70 145 142 39  55.5 154   0
70   2 40  0  1 170  90 265 155 53  63.5 147   1
71   2 50  1  0 140  90 190 156 56  74.0 165   1
72   2 24  0  0 100  60 151  85 48  60.6 159   0
73   2 24  0  0 100  70 186  68 63  45.5 158   0
74   1 51  0  1 150  95 192  97 38  80.0 166   0
75   2 43  1  0 120  70 168  75 49  48.0 147   0
76   2 31  1  0 120  80 166 100 34  70.1 150   1
77   2 41  1  0 110  60 234  89 53  75.7 158   0
78   2 50  0  0 130  80 139 100 55  82.0 156   1
79   1 26  1  0 110  80 146  82 37  68.2 166   0
80   1 42  1  0 110  70 247 133 57  73.8 161   0
81   1 28  1  0 100  70 156  96 52  55.7 165   0
82   1 26  1  0 100  70 219 102 53  75.5 167   0
83   1 39  0  0 130  70 176 159 44  63.2 162   1
84   1 42  0  1 160 110 169 255 33  98.0 179   1
85   2 59  1  0 150  80 261 119 48  71.6 152   0
86   1 39  1  0 110  70 135 118 34  54.5 162   1
87   2 24  1  0 110  70 204 289 23  57.0 151   0
88   2 56  0  0 130  90 253 186 51  72.0 151   1
89   2 46  0  0 140  85 212 125 53  57.0 154   1
90   2 27  0  0 100  70 232  24 38  59.0 151   0
91   2 30  1  0 110  70 147 133 56  64.5 160   0
92   2 67  0  0 150  85 191  90 75  66.0 147   1
93   2 41  1  0 120  70 160  55 52  59.5 151   0
94   2 39  1  0 120  70 166  57 50  62.5 155   0
95   2 70  0  0 150  90 202 106 54  53.4 148   1
96   1 44  1  0 100  70 239  50 59  57.5 152   0
97   2 25  1  0 110  70 153  53 48  53.0 147   0
98   2 33  0  0 130  80 271 109 53  65.0 148   0
99   2 20  0  0 110  70 118  61 52  55.0 159   0
100  2 25  1  1 100  60 129  60 29  58.5 173   1
101  2 66  1  1 150  90 195 136 33  63.9 157   1
102  2 33  1  0 110  80 191 182 32  64.5 157   0
103  1 56  0  0 160  90 191 216 32  74.0 168   1
104  1 20  1  0 120  70 118  46 39  59.0 164   0
105  2 21  1  0 120  80 195  70 54  54.9 146   0
106  2 23  1  0  95  60 116  62 24  53.1 156   1
107  2 23  0  0 110  70 141  65 41  68.0 158   0
108  2 26  0  0 100  60 149  91 37  56.5 157   0
109  2 47  1  1 110  70 278 201 48  85.9 159   0
110  1 37  0  0 100  70 208 109 39  85.0 173   0
111  1 37  1  1 160 110 218 155 44  70.8 163   0
112  1 43  1  0 170 110 238 237 40  95.0 176   0
113  2 48  1  0 120  70 225  95 54  60.0 152   0
114  2 22  0  0 120  70 174  62 39  54.5 155   1
115  2 37  0  0 110  75 154  66 41  52.5 146   0
116  2 22  1  0 100  55 227 261 46  70.0 146   0
117  2 48  1  0 130  90 218 193 33  65.0 153   0
118  2 46  0  0 160  90 172 169 25  70.5 149   0
119  1 46  1  0 140  70 132 112 46  79.5 173   1
120  1 40  1  0 120  85 132 183 37  99.0 164   0
121  2 26  1  0 110  70 189  84 66  55.5 148   0
122  1 35  1  0 130  85 164  57 35  78.2 172   0
123  2 35  1  0 140  95 208 145 41  65.0 151   0
124  1 51  1  0 130  75 298 195 30  55.4 163   0
125  1 27  0  0 100  70 196 161 31  79.0 164   0
126  1 28  1  0  95  60 162  84 38  71.1 178   0
127  1 20  1  0 110  70 112  45 37  73.3 171   0
128  1 37  1  0 120  80 288 158 39  78.0 172   0
129  2 55  1  0 140  90 155  68 46  79.3 164   1
130  2 90  0  0 140  80 237  90 66  64.0 148   0
131  2 29  0  0 110  75 146  54 43  65.0 162   0
132  2 23  0  0 120  70 165  82 48  54.5 148   0
133  1 34  0  0 110  70 162  66 43  65.0 163   0
134  1 43  1  0 120  60 172 107 32  68.4 166   0
135  1 45  1  0 100  70 265 308 22  76.5 163   0
136  2 20  0  0  95  60 236 165 52  68.5 150   0
137  1 41  1  0 110  70 136 149 31  83.0 163   1
138  2 37  0  0 110  70 168  62 50  56.8 159   0
139  2 50  0  0 160 100 223 206 47  92.8 146   1
140  2 27  1  0 120  70 142 143 26  67.5 166   1
141  2 47  0  1 220 110 225 263 30  86.2 156   1
142  1 34  1  0 100  70 216 230 33  89.5 169   0
143  1 51  1  0 140  90 158 116 43  91.5 177   0
144  2 32  0  0 110  70 131  49 29  64.0 153   1
145  2 48  0  0 120  70 145  64 31  52.5 142   1
146  2 24  0  0 130  85  99  46 48  61.5 147   0
147  1 29  1  0 100  60 159  92 41  53.0 159   0
148  1 31  1  0 100  70 202 147 26  71.5 165   0
149  2 36  1  0 140  85 175 144 26  69.2 148   0
150  1 30  0  0 120  80 186 106 40  81.8 174   0
151  2 42  1  0 120  75 217  68 52  47.0 159   0
152  2 24  0  0 100  60 251 122 40  65.5 158   0
153  1 25  0  0   0   0 133  48 34  64.0 161   0
154  2 37  1  0 120  70 234 125 37  66.0 154   1
155  2 52  0  0 120  80 172  64 39  43.0 143   0
156  2 33  0  0 120  70 194  62 66  68.0 158   1
157  2 21  0  0 110  60 121  40 34  64.0 160   0
158  1 37  1  0 110  70 132  72 33  82.0 165   0
159  2 43  0  0 140  85 249 159 44  94.2 154   1
160  1 38  1  0 130  75 152 110 31  66.2 163   0
161  2 26  0  0 100  70 142  62 47  63.5 157   0
162  2 24  1  0 120  70 175  49 39  62.8 145   0
163  2 47  0  0 110  70 133  77 36  63.0 159   0
164  1 41  1  0 130  85 187  97 34  67.0 161   0
165  2 27  1  0 120  60 162 109 42  68.0 157   0
166  2 47  0  0 120  70 262 174 42  72.5 164   0
167  1 49  0  0 130  80 215 126 78  65.5 169   0
168  2 43  1  0 130  90 175 169 28 101.5 156   1
169  2 45  1  0 100  70 210 139 52  87.2 147   0
170  2 38  1  0 110  75 193 102 38  58.5 148   1
171  2 39  0  0 140  90 221 155 38  79.9 154   1
172  2 47  0  0 120  80 170  69 56  63.5 165   1
173  2 49  1  0 110  70 252 239 43  57.8 148   0
174  2 33  1  0 100  70 145  62 40  69.9 151   0
175  1 62  1  1 180  90 129 120 27  88.5 167   1
176  1 41  1  0 110  70 235 311 30  74.0 159   1
177  2 29  1  0 100  70 224  73 52  49.0 143   0
178  2 30  1  0 110  70 181  55 50  50.2 151   1
179  1 57  1  1 140  95 148  83 31  92.9 172   0
180  1 43  1  0 120  80 179 247 31  71.4 164   0
181  1 37  1  0 120  70 247 180 36  87.6 176   0
182  1 53  0  1 170 100 237 598 34  70.0 165   0
183  2 49  1  0 120  70 245 162 47  98.5 154   1
184  2 27  1  0 120  70 207  90 40  64.5 149   1
185  1 37  1  0 110  80 146 253 23  75.0 163   0
186  2 22  1  0  90  60 129  35 40  60.0 148   0
187  2 39  1  0 120  80 157  56 63  50.5 150   0
188  1 35  0  0 110  80 195  88 49 105.5 166   0
189  1 41  1  0 110  70 161  77 52  73.5 174   0
190  2 29  0  0 140  80 145  57 43  61.5 160   0
191  2 19  0  0 110  70 195 220 50  64.4 156   0
192  2 33  1  0 110  70 205 176 33  62.0 151   0
193  2 34  1  0 110  70 189 102 34  79.0 169   1
194  2 60  0  0 150  80 257  82 35  60.5 152   1
195  2 37  1  1 180 115 225 217 32  66.5 159   0
196  2 33  1  0 120  70 179  68 53  56.2 156   1
197  1 29  1  0 110  65 141  67 51  58.5 169   0
198  2 22  0  0 110  70 169  78 54  70.8 170   0
199  2 44  1  0 120  80 223 146 37  66.5 150   0
200  2 55  1  0 120  85 252 142 58  62.0 149   1
201  2 55  0  1 130  85 131  52 49  80.0 143   1
202  2 32  1  0 100  70 114  44 41  71.0 158   0
203  1 58  0  0 120  70 204  95 39  68.0 157   1
204  1 40  0  0 130  80 191 110 62  62.0 161   0
205  2 64  0  0 130  70 264 275 42  51.5 149   1
206  2 61  0  1 160 100 288 214 47  55.8 136   1
207  2 66  0  0 140  80 266 110 60  71.0 155   1
208  1 19  0  0 130  75 257 256 28  97.5 171   0
209  2 22  0  0 120  70 138  56 59  58.0 154   0
210  2 22  1  0 100  70 216 112 44  63.0 160   0
211  1 30  1  0 100  70 153  76 28  70.0 171   0
212  2 34  1  0 100  75 194 115 52 107.7 156   1
213  2 35  0  0 110  70 185  79 40  55.0 153   0
214  2 45  1  0 130  75 199  86 49  53.6 152   1
215  2 39  1  0 110  70 213  85 29  56.4 139   0
216  1 34  0  0 110  80 139  64 33  64.5 166   0
217  2 24  0  0 100  70 145  59 39  72.5 168   0
218  2 42  1  0 130  85 206 100 36  61.2 150   1
219  2 37  1  0 110  70 155  53 44  56.8 164   0
220  2 23  0  0 120  80 190 121 43  53.8 155   0
221  2 56  1  0 170  80 199 307 29  66.2 144   1
222  2 57  0  0 130  80 269 196 58  78.0 151   0
223  2 23  1  0 100  70 132 188 31  71.5 155   1
224  1 34  1  0 110  70 185 105 58  58.0 163   0
225  1 49  0  0 130  90 195 109 41  98.9 160   0
226  2 29  1  0 110  70 231 170 41  58.5 152   0
227  2 74  0  1 180  90 206 304 34  62.5 145   0
228  2 46  1  0 120  70 173  78 60  58.8 166   1
229  1 26  1  0 100  65 216 187 28  65.0 156   0
230  2 48  0  0 110  60 217  76 63  45.8 143   0
231  2 27  1  0 100  60 191 239 65  52.5 150   1
232  2 24  1  0 100  60 204  93 47  55.6 157   0
233  2 45  0  0 100  70 172  69 37  80.0 155   1
234  2 19  0  0  90  60 187  89 67  68.2 157   0
235  1 38  1  0 120  70 204  80 47  60.8 158   0
236  1 26  1  0 140  80 156  72 51  75.3 169   0
237  2 23  1  0 110  65 147  69 46  59.5 156   0
238  1 39  1  0 100  70 245 135 35  78.0 174   0
239  2 45  1  0 120  75 216 132 29  73.0 155   1
240  2 27  0  0 110  60 211  79 42  66.0 156   0
241  2 44  1  0 130  85 192 174 42  70.8 157   1
242  1 43  1  0 100  60 191 270 37  69.0 164   1
243  1 42  1  0 120  80 131 272 28 105.5 178   0
244  2 43  1  1 130  90 259 459 28  67.5 152   1
245  2 44  0  0 130  80 159 115 39  53.8 143   0
246  2 23  0  0 120  70 138  94 51  62.5 151   0
247  2 39  0  1 140 105 153  70 44  60.8 166   1
248  2 35  1  0 110  70 147  94 48  55.0 151   0
249  1 53  1  0 100  60 192  88 43  64.0 165   0
250  1 45  1  0 110  60 251 156 56  74.0 163   0
251  2 35  1  0 120  80 200 130 29  67.5 151   1
252  1 42  1  0 110  60 183  95 38  73.4 165   0
253  2 62  0  1 140  90 189 194 38  69.0 153   1
254  1 32  1  0 120  70 160 166 37  64.5 166   0
255  2 26  1  0 110  70 168  50 42  66.2 153   0
256  1 45  1  0 150  80 166 171 28  71.5 164   1
257  2 28  1  0  90  55 221  56 69  44.0 142   0
258  2 22  1  0 100  60 161  90 42  70.0 147   0
259  1 21  0  0 120  80 108  64 31  70.2 165   0
260  2 28  1  0 100  60 134  59 46  70.4 162   0
261  2 50  1  0  90  60 233 119 52  46.2 147   0
262  1 24  1  0 110  70 174  78 54  58.0 164   0
263  1 43  1  0 110  70 227 139 53  75.0 161   0
264  2 24  0  0 110  70 171 261 40  66.8 150   0
265  1 45  0  0 120  75 152 196 32  83.0 156   0
266  2 68  0  1 150  90 171 116 44  64.0 152   1
267  2 22  1  0 100  60 147  61 65  57.0 154   0
268  1 59  1  0 120  75 158 149 39  68.5 156   0
269  2 34  1  0 100  70 152  59 61  71.5 154   0
270  2 22  0  0 100  70 155  52 47  48.8 159   0
271  2 36  0  0 120  70 199  91 63  52.2 153   1
272  1 27  1  0 130  90 153  73 41  61.5 167   0
273  2 30  1  0  95  65 217  61 63  52.0 155   0
274  2 38  1  0 130  80 170 104 28  58.5 144   1
275  1 32  0  0 130  80 155 120 33  74.0 172   0
276  1 54  1  0 120  70 171  80 52  54.0 159   0
277  2 29  1  0 120  70 188 121 46  57.5 148   0
278  2 49  0  1 130  90 178 121 53  54.5 149   1
279  1 40  1  0 100  75 185  99 54  80.5 176   0
280  2 33  0  0 110  60 166 118 43  62.5 150   1
281  2 44  1  1 160  90 232 147 60  82.6 159   1
282  1 35  1  0 130  85 200 195 29  80.2 173   0
283  2 62  1  1 160  85 210 143 45  75.0 151   0
284  1 22  0  0 130  80 111  59 38  64.0 157   0
285  2 30  1  0 100  65 237 229 43  48.6 149   0
286  1 20  1  0 110  60 113  54 35  64.0 168   0
287  1 57  0  0 110  70 193 122 46  53.8 157   0
288  2 47  1  0 130  70 215 190 44  50.2 153   0
289  2 53  0  0 110  70 113  61 46  45.8 146   0
290  2 21  0  0 100  70 169  26 62  51.5 144   0
291  1 44  1  0 130  80 215 124 25  58.4 162   0
292  2 48  1  1 130  80 231 217 39  87.5 159   1
293  1 28  1  0 120  80 236 332 47  84.5 171   0
294  2 38  0  0 120  60 185  68 54  51.0 152   0
295  2 31  1  0 110  60 177 123 48  52.5 147   0
296  2 30  0  0 130  80 152  65 35  63.8 156   0
297  1 32  1  0 120  80 257 214 30  77.6 159   0
298  2 68  0  1 130  80 293  25 52  65.8 146   0
299  1 46  1  0 150 100 213 143 54  76.5 160   0
300  2 23  0  0 120  65 201  85 48  60.0 160   0
> dim(data)
[1] 300  12
> sexo=data[,1]
> table(data)
Error in table(data) : attempt to make a table with >= 2^31 elements
> table(sexo)
sexo
  1   2 
103 197 
> save.image("C:\\Users\\ivan-\\OneDrive\\Escritorio\\trabajo estadistica\\Practica1")
> edad=data[,2]
> summary(edad)
   Min. 1st Qu.  Median    Mean 3rd Qu.    Max. 
  19.00   28.00   37.50   38.34   46.25   90.00 
> table(edad)
edad
19 20 21 22 23 24 25 26 27 28 29 30 31 32 33 34 35 36 37 38 39 40 41 42 43 44 45 46 47 48 49 50 51 52 53 54 55 56 57 58 59 60 61 62 64 65 66 67 68 70 71 74 79 90 
 4  6  5 11 10 14  4 10 10  8  8  9  6  6  8  8  8  3 12  7 15  7  7  6 11  6 10  6  8  7  7  7  5  3  3  3  4  3  3  1  3  1  1  3  1  1  2  1  2  1  2  1  1  1 
> fuma=data[,3]
> summary(fuma)
   Min. 1st Qu.  Median    Mean 3rd Qu.    Max. 
    0.0     0.0     1.0     0.6     1.0     1.0 
> table(fuma)
fuma
  0   1 
120 180 
> hta=data[,4]
> table(hta)
hta
  0   1 
270  30 
> pas=data[,5]
> pad=data[,6]
> colTot=data[7]
> colTot=data[,7]
> table(colTot)
colTot
 92  99 100 105 106 108 111 112 113 114 116 118 121 124 125 126 129 131 132 133 134 135 136 138 139 141 142 143 145 146 147 148 149 151 152 153 154 155 156 157 158 159 160 161 162 164 165 
  1   1   1   1   1   1   1   1   3   1   1   2   1   1   1   1   3   3   4   2   1   1   1   3   2   3   3   3   5   5   4   1   1   1   5   5   2   5   3   1   3   4   3   2   3   1   1 
166 168 169 170 171 172 173 174 175 176 177 178 179 180 181 182 183 184 185 186 187 188 189 190 191 192 193 194 195 196 198 199 200 201 202 204 205 206 207 208 209 210 211 212 213 215 216 
  7   3   3   3   6   4   1   3   3   1   3   2   2   1   3   1   1   1   6   3   2   3   3   3   7   4   2   2   5   2   2   3   2   2   2   4   1   2   2   3   1   2   1   1   2   3   4 
217 218 219 221 222 223 224 225 226 227 228 231 232 233 234 235 236 237 238 239 245 247 249 250 251 252 253 257 259 261 262 264 265 266 269 270 271 278 288 293 298 
  3   3   2   2   1   2   1   4   1   4   1   2   2   1   2   1   2   4   1   1   2   2   2   1   2   2   1   3   1   1   1   1   2   1   1   1   1   1   2   1   1 
> summary(colTot)
   Min. 1st Qu.  Median    Mean 3rd Qu.    Max. 
   92.0   153.8   183.5   184.8   215.0   298.0 
> triglic=dara[,8]
Error: objeto 'dara' no encontrado
> triglic=data[,8]
> colHDL=data[,9]
> peso=data[,10]
> talla=data[,11]
> litiasis=data[,12]
> haz.na.99=function(x){ifelse(x
+ 
+ 
+ 
+ 
+ 
+ 
+ 
+ haz.na.99=function(x){ifelse(x==99,na,x)}
Error: unexpected symbol in:
"
haz.na.99"
> haz.na.99=function(x){ifelse(x==99,NA,x)}
> pA2=sapply(PAS,haz.na.99)
Error in lapply(X = X, FUN = FUN, ...) : objeto 'PAS' no encontrado
> pas2=sapply(pas,haz.na.99)
> sexoF=factor(sexo,levels=c(1,2),labels=c("hombre","mujer"))
> table(sexoF)
sexoF
hombre  mujer 
   103    197 
> sexoF
  [1] mujer  mujer  mujer  mujer  mujer  mujer  hombre hombre mujer  mujer  hombre mujer  mujer  hombre hombre mujer  mujer  mujer  hombre mujer  mujer  mujer  mujer  hombre hombre mujer 
 [27] mujer  mujer  mujer  hombre mujer  hombre mujer  mujer  hombre mujer  hombre mujer  hombre hombre mujer  mujer  mujer  mujer  hombre mujer  hombre mujer  mujer  mujer  hombre mujer 
 [53] mujer  hombre hombre mujer  mujer  mujer  mujer  mujer  hombre hombre mujer  hombre mujer  mujer  mujer  mujer  mujer  mujer  mujer  mujer  mujer  hombre mujer  mujer  mujer  mujer 
 [79] hombre hombre hombre hombre hombre hombre mujer  hombre mujer  mujer  mujer  mujer  mujer  mujer  mujer  mujer  mujer  hombre mujer  mujer  mujer  mujer  mujer  mujer  hombre hombre
[105] mujer  mujer  mujer  mujer  mujer  hombre hombre hombre mujer  mujer  mujer  mujer  mujer  mujer  hombre hombre mujer  hombre mujer  hombre hombre hombre hombre hombre mujer  mujer 
[131] mujer  mujer  hombre hombre hombre mujer  hombre mujer  mujer  mujer  mujer  hombre hombre mujer  mujer  mujer  hombre hombre mujer  hombre mujer  mujer  hombre mujer  mujer  mujer 
[157] mujer  hombre mujer  hombre mujer  mujer  mujer  hombre mujer  mujer  hombre mujer  mujer  mujer  mujer  mujer  mujer  mujer  hombre hombre mujer  mujer  hombre hombre hombre hombre
[183] mujer  mujer  hombre mujer  mujer  hombre hombre mujer  mujer  mujer  mujer  mujer  mujer  mujer  hombre mujer  mujer  mujer  mujer  mujer  hombre hombre mujer  mujer  mujer  hombre
[209] mujer  mujer  hombre mujer  mujer  mujer  mujer  hombre mujer  mujer  mujer  mujer  mujer  mujer  mujer  hombre hombre mujer  mujer  mujer  hombre mujer  mujer  mujer  mujer  mujer 
[235] hombre hombre mujer  hombre mujer  mujer  mujer  hombre hombre mujer  mujer  mujer  mujer  mujer  hombre hombre mujer  hombre mujer  hombre mujer  hombre mujer  mujer  hombre mujer 
[261] mujer  hombre hombre mujer  hombre mujer  mujer  hombre mujer  mujer  mujer  hombre mujer  mujer  hombre hombre mujer  mujer  hombre mujer  mujer  hombre mujer  hombre mujer  hombre
[287] hombre mujer  mujer  mujer  hombre mujer  hombre mujer  mujer  mujer  hombre mujer  hombre mujer 
Levels: hombre mujer
> k=round(1+3.22*log10(300),0)
> d=round((max(edad)-min(edad))/k,0)
> limite=c(me-0.01,me+d,me+2*d,me+3*d,me+4*d,me+5*d,me+6*d,me+7*d,me+8*d,max(edad)+0.01)
Error: objeto 'me' no encontrado
> me=min(edad)
> limite=c(me-0.01,me+d,me+2*d,me+3*d,me+4*d,me+5*d,me+6*d,me+7*d,me+8*d,max(edad)+0.01)
> edadI=cut(edad,breaks=limite,right=FALSE)
> save.image("C:\\Users\\ivan-\\OneDrive\\Escritorio\\trabajo estadistica\\Practica1 (1)")
> table(edadI)
edadI
[19,27) [27,35) [35,43) [43,51) [51,59) [59,67) [67,75) [75,83) [83,90) 
     64      63      65      62      25      12       7       1       1 
> ts=table(sexo)
> ts
sexo
  1   2 
103 197 
> tSA(cumsum(ts)
+ tsa=cumsum(ts)
Error: unexpected symbol in:
"tSA(cumsum(ts)
tsa"
> tsa=cumsum(ts)
> tsa
  1   2 
103 300 
> #tsa es tabla de sexo acumulada
> #ts es tabla de sexo
> tsr=prop.table(ts)
> tsr
sexo
        1         2 
0.3433333 0.6566667 
> #tsra es tabla de sexo frecuencia acumulada
> tsra=cumsum(tsr)
> tsra
        1         2 
0.3433333 1.0000000 
> #tsr es frecuencia relativa
> summary(edad)
   Min. 1st Qu.  Median    Mean 3rd Qu.    Max. 
  19.00   28.00   37.50   38.34   46.25   90.00 
> pie(ts,main="distribucion de la muestra segun sexo")
> barplot(ts,main="distribucion de la muestra segun sexo",xlab="",ylab="")
> barplot(ts,main="distribucion de la muestra segun sexo",xlab="sexo",ylab="frecuencia relativa")
> boxplot(edad,main="titulo")
> boxplot(edad,main="titulo",ylab="edad")
> save.image("C:\\Users\\ivan-\\OneDrive\\Escritorio\\trabajo estadistica\\Practica1 (2)")
> cita=table(sexof,fumaf)
Error in table(sexof, fumaf) : objeto 'sexof' no encontrado
> cita=table(sexoF,fumaf)
Error in table(sexoF, fumaf) : objeto 'fumaf' no encontrado
> fumaF=factor(fuma,levels=c(0,1),labels=c("no fuma","fuma"))
> cita=table(sexoF,fumaF)
> citaSFR=prop.table(citaSF)
Error in prop.table(citaSF) : objeto 'citaSF' no encontrado
> citaSFR=prop.table(cita)
> add.margins(citaSFR)
Error in add.margins(citaSFR) : 
  no se pudo encontrar la función "add.margins"
> ADD.margins(citaSFR)
Error in ADD.margins(citaSFR) : 
  no se pudo encontrar la función "ADD.margins"
> citaSFR=prop.table(cita)
> citaSFR
        fumaF
sexoF      no fuma      fuma
  hombre 0.0900000 0.2533333
  mujer  0.3100000 0.3466667
> add.margins(citaSFR)
Error in add.margins(citaSFR) : 
  no se pudo encontrar la función "add.margins"
> addmargins(citaSFR)
        fumaF
sexoF      no fuma      fuma       Sum
  hombre 0.0900000 0.2533333 0.3433333
  mujer  0.3100000 0.3466667 0.6566667
  Sum    0.4000000 0.6000000 1.0000000
> FcondS=prop.table=(cita,1)
Error: inesperado ',' in "FcondS=prop.table=(cita,"
> FcondS=prop.table(cita,1)
> #Fuma condicionado a sexo
> addmargins(FcondS,2)
        fumaF
sexoF      no fuma      fuma       Sum
  hombre 0.2621359 0.7378641 1.0000000
  mujer  0.4720812 0.5279188 1.0000000
> ScondF=prop.table(cita,2)
> addmargins(ScondF,1)
        fumaF
sexoF      no fuma      fuma
  hombre 0.2250000 0.4222222
  mujer  0.7750000 0.5777778
  Sum    1.0000000 1.0000000
> addmargins(ScondF,1) *100
        fumaF
sexoF      no fuma      fuma
  hombre  22.50000  42.22222
  mujer   77.50000  57.77778
  Sum    100.00000 100.00000
> barplot(t(FcondS),main="distribucion de fuma/no fuma segun el sexo",xlab="sexo",ylab="frecuencia relativa",legend.text=T)
> fumaF=factor(fuma,levels=c(0,1),labels=c("fuma","no fuma"))
> barplot(t(FcondS),main="distribucion de fuma/no fuma segun el sexo",xlab="sexo",ylab="frecuencia relativa",legend.text=T)
> plot(peso,talla)
> plot(fuma,sexo)
> cor(peso,talla)
[1] 0.4528179
> cor(peso,talla,method="spearman")
[1] 0.4517423
> cor(cbind(peso,talla,colTot,pas,pad))
            peso        talla     colTot         pas         pad
peso   1.0000000  0.452817941  0.1354642  0.19681839 0.302128904
talla  0.4528179  1.000000000 -0.1585825 -0.03584091 0.008890863
colTot 0.1354642 -0.158582506  1.0000000  0.23543108 0.220776155
pas    0.1968184 -0.035840907  0.2354311  1.00000000 0.793140455
pad    0.3021289  0.008890863  0.2207762  0.79314046 1.000000000
> #cor es correlacion
> #pas=a+b*colTot+c*pad+....
> #regre=lm(pas alt 126 colTot)
> #summary(regre)
> #adj r-sq 0.9
> save.image("C:\\Users\\ivan-\\OneDrive\\Escritorio\\trabajo estadistica\\Practica1 (3)")
> 
